00_player.sql
01_game.sql
10a_team_game_hub_1999.sql
10a_team_game_hub_2000.sql
10a_team_game_hub_2001.sql
10a_team_game_hub_2002.sql
10a_team_game_hub_2003.sql
10a_team_game_hub_2004.sql
10a_team_game_hub_2005.sql
10a_team_game_hub_2006.sql
10a_team_game_hub_2007.sql
10a_team_game_hub_2008.sql
10a_team_game_hub_2009.sql
10a_team_game_hub_2010.sql
10a_team_game_hub_2011.sql
10a_team_game_hub_2012.sql
10a_team_game_hub_2013.sql
10a_team_game_hub_2014.sql
10a_team_game_hub_2015.sql
10a_team_game_hub_2016.sql
10a_team_game_hub_2017.sql
10a_team_game_hub_2018.sql
10a_team_game_hub_2019.sql
10a_team_game_hub_2020.sql
10a_team_game_hub_2021.sql
10a_team_game_hub_2022.sql
10a_team_game_hub_2023.sql
10a_team_game_hub_2024.sql
10a_team_game_hub_2025.sql
10b_team_game_cat_1999.sql
10b_team_game_cat_2000.sql
10b_team_game_cat_2001.sql
10b_team_game_cat_2002.sql
10b_team_game_cat_2003.sql
10b_team_game_cat_2004.sql
10b_team_game_cat_2005.sql
10b_team_game_cat_2006.sql
10b_team_game_cat_2007.sql
10b_team_game_cat_2008.sql
10b_team_game_cat_2009.sql
10b_team_game_cat_2010.sql
10b_team_game_cat_2011.sql
10b_team_game_cat_2012.sql
10b_team_game_cat_2013.sql
10b_team_game_cat_2014.sql
10b_team_game_cat_2015.sql
10b_team_game_cat_2016.sql
10b_team_game_cat_2017.sql
10b_team_game_cat_2018.sql
10b_team_game_cat_2019.sql
10b_team_game_cat_2020.sql
10b_team_game_cat_2021.sql
10b_team_game_cat_2022.sql
10b_team_game_cat_2023.sql
10b_team_game_cat_2024.sql
10b_team_game_cat_2025.sql
20a_player_game_hub_1999.sql
20a_player_game_hub_2000.sql
20a_player_game_hub_2001.sql
20a_player_game_hub_2002.sql
20a_player_game_hub_2003.sql
20a_player_game_hub_2004.sql
20a_player_game_hub_2005.sql
20a_player_game_hub_2006.sql
20a_player_game_hub_2007.sql
20a_player_game_hub_2008.sql
20a_player_game_hub_2009.sql
20a_player_game_hub_2010.sql
20a_player_game_hub_2011.sql
20a_player_game_hub_2012.sql
20a_player_game_hub_2013.sql
20a_player_game_hub_2014.sql
20a_player_game_hub_2015.sql
20a_player_game_hub_2016.sql
20a_player_game_hub_2017.sql
20a_player_game_hub_2018.sql
20a_player_game_hub_2019.sql
20a_player_game_hub_2020.sql
20a_player_game_hub_2021.sql
20a_player_game_hub_2022.sql
20a_player_game_hub_2023.sql
20a_player_game_hub_2024.sql
20a_player_game_hub_2025.sql
20b_player_game_cat_1999.sql
20b_player_game_cat_2000.sql
20b_player_game_cat_2001.sql
20b_player_game_cat_2002.sql
20b_player_game_cat_2003.sql
20b_player_game_cat_2004.sql
20b_player_game_cat_2005.sql
20b_player_game_cat_2006.sql
20b_player_game_cat_2007.sql
20b_player_game_cat_2008.sql
20b_player_game_cat_2009.sql
20b_player_game_cat_2010.sql
20b_player_game_cat_2011.sql
20b_player_game_cat_2012.sql
20b_player_game_cat_2013.sql
20b_player_game_cat_2014.sql
20b_player_game_cat_2015.sql
20b_player_game_cat_2016.sql
20b_player_game_cat_2017.sql
20b_player_game_cat_2018.sql
20b_player_game_cat_2019.sql
20b_player_game_cat_2020.sql
20b_player_game_cat_2021.sql
20b_player_game_cat_2022.sql
20b_player_game_cat_2023.sql
20b_player_game_cat_2024.sql
20b_player_game_cat_2025.sql
30_injury_2009.sql
30_injury_2010.sql
30_injury_2011.sql
30_injury_2012.sql
30_injury_2013.sql
30_injury_2014.sql
30_injury_2015.sql
30_injury_2016.sql
30_injury_2017.sql
30_injury_2018.sql
30_injury_2019.sql
30_injury_2020.sql
30_injury_2021.sql
30_injury_2022.sql
30_injury_2023.sql
30_injury_2024.sql
30_injury_2025.sql
